*** PICOBIT ERROR -- variable referenced before its definition: bar
